// Vitest Snapshot v1, https://vitest.dev/guide/snapshot.html

exports[`Componente BandejaContacto > coincide con el snapshot actual 1`] = `
<div>
  <div>
    <h2
      class="h4 mb-3"
    >
      Bandeja de contacto
    </h2>
    <p
      class="text-muted"
    >
      Mensajes recibidos desde el formulario.
    </p>
    <div
      class="card shadow-sm"
    >
      <div
        class="table-responsive"
      >
        <table
          class="table table-hover align-middle mb-0"
        >
          <thead
            class="table-light"
          >
            <tr>
              <th>
                Fecha
              </th>
              <th>
                Nombre
              </th>
              <th>
                Correo
              </th>
              <th>
                Orden
              </th>
              <th>
                Mensaje
              </th>
              <th>
                Acci√≥n
              </th>
            </tr>
          </thead>
          <tbody />
        </table>
      </div>
    </div>
  </div>
</div>
`;
