// Vitest Snapshot v1, https://vitest.dev/guide/snapshot.html

exports[`PerfilAdmin Component > coincide con el snapshot actual 1`] = `
<div>
  <div
    class="card shadow-sm p-4"
    data-testid="perfil-admin"
  >
    <h2
      class="h5 mb-3"
    >
      Perfil Administrador
    </h2>
    <p
      class="text-muted mb-4"
    >
      Administra tu información de contacto y credenciales principales.
    </p>
    <form>
      <div
        class="mb-3"
      >
        <label
          class="form-label fw-semibold"
        >
          Nombre
        </label>
        <input
          class="form-control"
          disabled=""
          name="nombre"
          type="text"
          value="Taylor Swift"
        />
      </div>
      <div
        class="mb-3"
      >
        <label
          class="form-label fw-semibold"
        >
          Correo
        </label>
        <input
          class="form-control"
          disabled=""
          name="correo"
          type="email"
          value="admin@wonderland.cl"
        />
      </div>
      <div
        class="mb-3"
      >
        <label
          class="form-label fw-semibold"
        >
          Teléfono
        </label>
        <input
          class="form-control"
          disabled=""
          name="telefono"
          type="text"
          value="+56998765432"
        />
      </div>
      <div
        class="d-flex justify-content-end"
      >
        <button
          class="btn btn-skin"
          type="button"
        >
          Editar Perfil
        </button>
      </div>
    </form>
  </div>
</div>
`;
