// Vitest Snapshot v1, https://vitest.dev/guide/snapshot.html

exports[`ProductoForm Component > coincide con el snapshot 1`] = `
<div>
  <section
    class="card shadow-sm p-3 mt-3"
  >
    <h5>
      Editar Producto
    </h5>
    <form
      data-testid="form-producto"
    >
      <div
        class="row g-2"
      >
        <div
          class="col-md-6"
        >
          <label
            class="form-label"
            for="nombre"
          >
            Nombre
          </label>
          <input
            class="form-control"
            id="nombre"
            name="nombre"
            required=""
            type="text"
            value="Torta Chocolate"
          />
        </div>
        <div
          class="col-md-3"
        >
          <label
            class="form-label"
            for="precio"
          >
            Precio
          </label>
          <input
            class="form-control"
            id="precio"
            name="precio"
            required=""
            type="number"
            value="12000"
          />
        </div>
        <div
          class="col-md-3"
        >
          <label
            class="form-label"
            for="categoria"
          >
            Categoría
          </label>
          <select
            class="form-select"
            id="categoria"
            name="categoria"
            required=""
          >
            <option
              value="Tortas Cuadradas"
            >
              Tortas Cuadradas
            </option>
            <option
              value="Tortas Circulares"
            >
              Tortas Circulares
            </option>
            <option
              value="Postres Individuales"
            >
              Postres Individuales
            </option>
            <option
              value="Productos Sin Azúcar"
            >
              Productos Sin Azúcar
            </option>
            <option
              value="Pastelería Tradicional"
            >
              Pastelería Tradicional
            </option>
            <option
              value="Productos Sin Gluten"
            >
              Productos Sin Gluten
            </option>
            <option
              value="Productos Veganos"
            >
              Productos Veganos
            </option>
            <option
              value="Tortas Especiales"
            >
              Tortas Especiales
            </option>
          </select>
        </div>
      </div>
      <div
        class="row g-2 mt-2"
      >
        <div
          class="col-md-6"
        >
          <label
            class="form-label"
            for="imagen_url"
          >
            Imagen (URL)
          </label>
          <input
            class="form-control"
            id="imagen_url"
            name="imagen_url"
            type="text"
            value="https://example.com/torta.jpg"
          />
        </div>
        <div
          class="col-md-6"
        >
          <label
            class="form-label"
            for="imagen_archivo"
          >
            Imagen (Archivo)
          </label>
          <input
            class="form-control"
            id="imagen_archivo"
            name="imagen_archivo"
            type="file"
          />
        </div>
      </div>
      <div
        class="mt-3 d-flex justify-content-end"
      >
        <button
          class="btn btn-outline-secondary me-2"
          data-testid="btn-cancelar"
          type="button"
        >
          Cancelar
        </button>
        <button
          class="btn btn-primary"
          data-testid="btn-guardar"
          type="submit"
        >
          Guardar
        </button>
      </div>
    </form>
  </section>
</div>
`;
