// Vitest Snapshot v1, https://vitest.dev/guide/snapshot.html

exports[`SidebarAdmin Component > coincide con el snapshot actual 1`] = `
<div>
  <div
    class="offcanvas offcanvas-end show"
    data-testid="sidebar-admin"
    style="visibility: visible; width: 280px;"
  >
    <div
      class="offcanvas-header"
    >
      <h5
        class="offcanvas-title"
      >
        Cuenta
      </h5>
      <button
        aria-label="Cerrar barra"
        class="btn-close"
      />
    </div>
    <div
      class="offcanvas-body d-flex flex-column p-0"
    >
      <div
        class="px-3 pt-2 pb-1 small text-uppercase text-muted"
      >
        Inicio
      </div>
      <nav
        class="list-group list-group-flush mb-2"
      >
        <button
          class="list-group-item list-group-item-action"
        >
          <i
            class="bi bi-house-door me-2"
          />
           Home
        </button>
      </nav>
      <div
        class="px-3 pt-2 pb-1 small text-uppercase text-muted"
      >
        Gestión de productos
      </div>
      <nav
        class="list-group list-group-flush mb-2"
      >
        <button
          class="list-group-item list-group-item-action"
        >
          <i
            class="bi bi-plus-circle me-2"
          />
           Agregar
        </button>
        <button
          class="list-group-item list-group-item-action"
        >
          <i
            class="bi bi-pencil-square me-2"
          />
           Modificar
        </button>
        <button
          class="list-group-item list-group-item-action"
        >
          <i
            class="bi bi-table me-2"
          />
           Mostrar
        </button>
        <button
          class="list-group-item list-group-item-action"
        >
          <i
            class="bi bi-bar-chart me-2"
          />
           Top 10 Productos
        </button>
      </nav>
      <div
        class="px-3 pt-3 pb-1 small text-uppercase text-muted"
      >
        Gestión de empleados
      </div>
      <nav
        class="list-group list-group-flush mb-2"
      >
        <button
          class="list-group-item list-group-item-action"
        >
          <i
            class="bi bi-person-plus me-2"
          />
           Agregar
        </button>
        <button
          class="list-group-item list-group-item-action"
        >
          <i
            class="bi bi-person-gear me-2"
          />
           Modificar
        </button>
        <button
          class="list-group-item list-group-item-action"
        >
          <i
            class="bi bi-people me-2"
          />
           Mostrar
        </button>
      </nav>
      <div
        class="px-3 pt-3 pb-1 small text-uppercase text-muted"
      >
        Funcionalidades
      </div>
      <nav
        class="list-group list-group-flush mb-2"
      >
        <button
          class="list-group-item list-group-item-action"
        >
          <i
            class="bi bi-person-circle me-2"
          />
           Perfil Administrador
        </button>
        <button
          class="list-group-item list-group-item-action"
        >
          <i
            class="bi bi-shield-lock me-2"
          />
           Seguridad
        </button>
      </nav>
      <div
        class="mt-auto p-3 border-top"
      >
        <button
          class="btn w-100 btn-outline-danger"
        >
          <i
            class="bi bi-box-arrow-right me-2"
          />
           Cerrar sesión
        </button>
      </div>
    </div>
  </div>
</div>
`;
