// Vitest Snapshot v1, https://vitest.dev/guide/snapshot.html

exports[`TopProductos Component > coincide con el snapshot 1`] = `
<div>
  <div
    class="container mt-4"
  >
    <h2
      class="text-center mb-4"
    >
      <span
        style="display: inline-block; margin-right: 8px;"
      >
        üç∞
      </span>
      Top 10 Productos Cr√≠ticos
    </h2>
    <div
      class="d-flex flex-row overflow-auto p-3 gap-3"
      style="border-radius: 12px; background-color: rgb(255, 255, 255); box-shadow: 0 2px 6px rgba(0,0,0,0.1); scroll-behavior: smooth;"
    >
      <div
        class="p-3 text-center"
        style="min-width: 250px; border-radius: 10px; background-color: rgb(253, 250, 249); transition: transform 0.2s ease;"
      >
        <h5
          class="mb-2 text-primary"
        >
          #
          1
        </h5>
        <img
          alt="Producto 1"
          class="d-block mx-auto mb-2"
          src="https://example.com/prod1.jpg"
          style="width: 100px; height: 100px; object-fit: cover;"
        />
        <p
          class="mb-1"
        >
          <strong>
            ID:
          </strong>
           
          1
        </p>
        <p
          class="mb-1"
        >
          <strong>
            Nombre:
          </strong>
           
          Producto 1
        </p>
        <p
          class="mb-0"
        >
          <strong>
            Ventas semanales:
          </strong>
           
          31
           unidades
        </p>
      </div>
      <div
        class="p-3 text-center"
        style="min-width: 250px; border-radius: 10px; background-color: rgb(253, 250, 249); transition: transform 0.2s ease;"
      >
        <h5
          class="mb-2 text-primary"
        >
          #
          2
        </h5>
        <img
          alt="Producto 2"
          class="d-block mx-auto mb-2"
          src="https://example.com/prod2.jpg"
          style="width: 100px; height: 100px; object-fit: cover;"
        />
        <p
          class="mb-1"
        >
          <strong>
            ID:
          </strong>
           
          2
        </p>
        <p
          class="mb-1"
        >
          <strong>
            Nombre:
          </strong>
           
          Producto 2
        </p>
        <p
          class="mb-0"
        >
          <strong>
            Ventas semanales:
          </strong>
           
          7
           unidades
        </p>
      </div>
      <div
        class="p-3 text-center"
        style="min-width: 250px; border-radius: 10px; background-color: rgb(253, 250, 249); transition: transform 0.2s ease;"
      >
        <h5
          class="mb-2 text-primary"
        >
          #
          3
        </h5>
        <img
          alt="Producto 3"
          class="d-block mx-auto mb-2"
          src="https://example.com/prod3.jpg"
          style="width: 100px; height: 100px; object-fit: cover;"
        />
        <p
          class="mb-1"
        >
          <strong>
            ID:
          </strong>
           
          3
        </p>
        <p
          class="mb-1"
        >
          <strong>
            Nombre:
          </strong>
           
          Producto 3
        </p>
        <p
          class="mb-0"
        >
          <strong>
            Ventas semanales:
          </strong>
           
          37
           unidades
        </p>
      </div>
      <div
        class="p-3 text-center"
        style="min-width: 250px; border-radius: 10px; background-color: rgb(253, 250, 249); transition: transform 0.2s ease;"
      >
        <h5
          class="mb-2 text-primary"
        >
          #
          4
        </h5>
        <img
          alt="Producto 4"
          class="d-block mx-auto mb-2"
          src="https://example.com/prod4.jpg"
          style="width: 100px; height: 100px; object-fit: cover;"
        />
        <p
          class="mb-1"
        >
          <strong>
            ID:
          </strong>
           
          4
        </p>
        <p
          class="mb-1"
        >
          <strong>
            Nombre:
          </strong>
           
          Producto 4
        </p>
        <p
          class="mb-0"
        >
          <strong>
            Ventas semanales:
          </strong>
           
          43
           unidades
        </p>
      </div>
      <div
        class="p-3 text-center"
        style="min-width: 250px; border-radius: 10px; background-color: rgb(253, 250, 249); transition: transform 0.2s ease;"
      >
        <h5
          class="mb-2 text-primary"
        >
          #
          5
        </h5>
        <img
          alt="Producto 5"
          class="d-block mx-auto mb-2"
          src="https://example.com/prod5.jpg"
          style="width: 100px; height: 100px; object-fit: cover;"
        />
        <p
          class="mb-1"
        >
          <strong>
            ID:
          </strong>
           
          5
        </p>
        <p
          class="mb-1"
        >
          <strong>
            Nombre:
          </strong>
           
          Producto 5
        </p>
        <p
          class="mb-0"
        >
          <strong>
            Ventas semanales:
          </strong>
           
          24
           unidades
        </p>
      </div>
      <div
        class="p-3 text-center"
        style="min-width: 250px; border-radius: 10px; background-color: rgb(253, 250, 249); transition: transform 0.2s ease;"
      >
        <h5
          class="mb-2 text-primary"
        >
          #
          6
        </h5>
        <img
          alt="Producto 6"
          class="d-block mx-auto mb-2"
          src="https://example.com/prod6.jpg"
          style="width: 100px; height: 100px; object-fit: cover;"
        />
        <p
          class="mb-1"
        >
          <strong>
            ID:
          </strong>
           
          6
        </p>
        <p
          class="mb-1"
        >
          <strong>
            Nombre:
          </strong>
           
          Producto 6
        </p>
        <p
          class="mb-0"
        >
          <strong>
            Ventas semanales:
          </strong>
           
          38
           unidades
        </p>
      </div>
      <div
        class="p-3 text-center"
        style="min-width: 250px; border-radius: 10px; background-color: rgb(253, 250, 249); transition: transform 0.2s ease;"
      >
        <h5
          class="mb-2 text-primary"
        >
          #
          7
        </h5>
        <img
          alt="Producto 7"
          class="d-block mx-auto mb-2"
          src="https://example.com/prod7.jpg"
          style="width: 100px; height: 100px; object-fit: cover;"
        />
        <p
          class="mb-1"
        >
          <strong>
            ID:
          </strong>
           
          7
        </p>
        <p
          class="mb-1"
        >
          <strong>
            Nombre:
          </strong>
           
          Producto 7
        </p>
        <p
          class="mb-0"
        >
          <strong>
            Ventas semanales:
          </strong>
           
          7
           unidades
        </p>
      </div>
      <div
        class="p-3 text-center"
        style="min-width: 250px; border-radius: 10px; background-color: rgb(253, 250, 249); transition: transform 0.2s ease;"
      >
        <h5
          class="mb-2 text-primary"
        >
          #
          8
        </h5>
        <img
          alt="Producto 8"
          class="d-block mx-auto mb-2"
          src="https://example.com/prod8.jpg"
          style="width: 100px; height: 100px; object-fit: cover;"
        />
        <p
          class="mb-1"
        >
          <strong>
            ID:
          </strong>
           
          8
        </p>
        <p
          class="mb-1"
        >
          <strong>
            Nombre:
          </strong>
           
          Producto 8
        </p>
        <p
          class="mb-0"
        >
          <strong>
            Ventas semanales:
          </strong>
           
          58
           unidades
        </p>
      </div>
      <div
        class="p-3 text-center"
        style="min-width: 250px; border-radius: 10px; background-color: rgb(253, 250, 249); transition: transform 0.2s ease;"
      >
        <h5
          class="mb-2 text-primary"
        >
          #
          9
        </h5>
        <img
          alt="Producto 9"
          class="d-block mx-auto mb-2"
          src="https://example.com/prod9.jpg"
          style="width: 100px; height: 100px; object-fit: cover;"
        />
        <p
          class="mb-1"
        >
          <strong>
            ID:
          </strong>
           
          9
        </p>
        <p
          class="mb-1"
        >
          <strong>
            Nombre:
          </strong>
           
          Producto 9
        </p>
        <p
          class="mb-0"
        >
          <strong>
            Ventas semanales:
          </strong>
           
          34
           unidades
        </p>
      </div>
      <div
        class="p-3 text-center"
        style="min-width: 250px; border-radius: 10px; background-color: rgb(253, 250, 249); transition: transform 0.2s ease;"
      >
        <h5
          class="mb-2 text-primary"
        >
          #
          10
        </h5>
        <img
          alt="Producto 10"
          class="d-block mx-auto mb-2"
          src="https://example.com/prod10.jpg"
          style="width: 100px; height: 100px; object-fit: cover;"
        />
        <p
          class="mb-1"
        >
          <strong>
            ID:
          </strong>
           
          10
        </p>
        <p
          class="mb-1"
        >
          <strong>
            Nombre:
          </strong>
           
          Producto 10
        </p>
        <p
          class="mb-0"
        >
          <strong>
            Ventas semanales:
          </strong>
           
          27
           unidades
        </p>
      </div>
    </div>
  </div>
</div>
`;
